10.0.0.77 - - [14/Oct/2024:23:56:55 +0000] "GET / HTTP/2.0" 404 19 "-" "-" 1814 "-" "-" 0ms
10.0.0.77 - - [14/Oct/2024:23:56:56 +0000] "GET / HTTP/2.0" 404 19 "-" "-" 1815 "-" "-" 0ms
10.0.0.77 - - [14/Oct/2024:23:57:04 +0000] "GET / HTTP/2.0" 404 19 "-" "-" 1816 "-" "-" 0ms
10.0.0.77 - - [14/Oct/2024:23:57:05 +0000] "GET / HTTP/2.0" 404 19 "-" "-" 1817 "-" "-" 0ms
10.0.0.77 - - [14/Oct/2024:23:57:06 +0000] "GET / HTTP/2.0" 404 19 "-" "-" 1818 "-" "-" 0ms
10.0.0.77 - - [14/Oct/2024:23:57:22 +0000] "GET / HTTP/2.0" 404 19 "-" "-" 1819 "-" "-" 0ms
10.0.0.77 - - [14/Oct/2024:23:57:23 +0000] "GET / HTTP/2.0" 404 19 "-" "-" 1820 "-" "-" 0ms
10.0.0.77 - - [15/Oct/2024:14:39:02 +0000] "GET /api/http/routers?search=&status=&per_page=10&page=3 HTTP/2.0" 400 53 "-" "-" 1927 "traefik-secure@docker" "-" 0ms
10.0.0.77 - - [15/Oct/2024:14:39:17 +0000] "GET /api/releases HTTP/2.0" 499 21 "-" "-" 1964 "homepage@docker" "http://192.168.90.9:3000" 639ms
10.0.0.77 - - [15/Oct/2024:14:39:17 +0000] "GET /api/docker/status/cloudflare-tunnel/my-docker HTTP/2.0" 404 22 "-" "-" 1986 "homepage@docker" "http://192.168.90.9:3000" 133ms
10.0.0.77 - - [15/Oct/2024:14:39:18 +0000] "GET /api/services/proxy?type=traefik&group=Reverse+Proxy&service=Tr%C3%A6fik&endpoint=overview HTTP/2.0" 500 288 "-" "-" 1994 "homepage@docker" "http://192.168.90.9:3000" 308ms
192.168.91.1 - - [15/Oct/2024:14:39:18 +0000] "GET /api/containers HTTP/1.1" 404 19 "-" "-" 2002 "-" "-" 0ms
10.0.0.77 - - [15/Oct/2024:14:39:18 +0000] "GET /api/services/proxy?type=whatsupdocker&group=Updates&service=What%27s+up+Docker&endpoint=containers HTTP/2.0" 404 201 "-" "-" 1995 "homepage@docker" "http://192.168.90.9:3000" 319ms
10.0.0.77 - - [15/Oct/2024:14:39:18 +0000] "GET /api/services/proxy?type=adguard&group=Network&service=AdGuard+Home&endpoint=stats HTTP/2.0" 403 161 "-" "-" 1999 "homepage@docker" "http://192.168.90.9:3000" 2021ms
10.0.0.77 - - [15/Oct/2024:14:44:33 +0000] "GET /api/docker/status/cloudflare-tunnel/my-docker HTTP/2.0" 404 22 "-" "-" 2049 "homepage@docker" "http://192.168.90.9:3000" 175ms
192.168.91.1 - - [15/Oct/2024:14:44:33 +0000] "GET /api/containers HTTP/1.1" 404 19 "-" "-" 2056 "-" "-" 0ms
10.0.0.77 - - [15/Oct/2024:14:44:33 +0000] "GET /api/services/proxy?type=whatsupdocker&group=Updates&service=What%27s+up+Docker&endpoint=containers HTTP/2.0" 404 201 "-" "-" 2047 "homepage@docker" "http://192.168.90.9:3000" 270ms
10.0.0.77 - - [15/Oct/2024:14:44:33 +0000] "GET /api/services/proxy?type=traefik&group=Reverse+Proxy&service=Tr%C3%A6fik&endpoint=overview HTTP/2.0" 500 288 "-" "-" 2053 "homepage@docker" "http://192.168.90.9:3000" 275ms
10.0.0.77 - - [15/Oct/2024:14:44:33 +0000] "GET /api/services/proxy?type=adguard&group=Network&service=AdGuard+Home&endpoint=stats HTTP/2.0" 499 21 "-" "-" 2054 "homepage@docker" "http://192.168.90.9:3000" 1387ms
10.0.0.77 - - [15/Oct/2024:14:44:33 +0000] "GET /api/ping?group=Network&service=AdGuard+Home HTTP/2.0" 499 21 "-" "-" 2051 "homepage@docker" "http://192.168.90.9:3000" 1393ms
10.0.0.77 - - [15/Oct/2024:14:57:11 +0000] "POST /api/login HTTP/2.0" 403 14 "-" "-" 2122 "filebrowser@docker" "http://192.168.90.10:80" 2ms
10.0.0.77 - - [15/Oct/2024:15:01:23 +0000] "GET /files HTTP/2.0" 404 19 "-" "-" 2163 "-" "-" 0ms
10.0.0.77 - - [15/Oct/2024:15:01:24 +0000] "GET /favicon.ico HTTP/2.0" 404 19 "-" "-" 2164 "-" "-" 0ms
10.0.0.77 - - [15/Oct/2024:15:03:18 +0000] "GET /files HTTP/2.0" 404 19 "-" "-" 2184 "-" "-" 0ms
10.0.0.77 - - [15/Oct/2024:15:08:18 +0000] "DELETE /api/resources/testing123/ HTTP/2.0" 204 0 "-" "-" 2219 "filebrowser@docker" "http://192.168.90.10:80" 2ms
10.0.0.77 - - [15/Oct/2024:17:42:45 +0000] "GET /api/users HTTP/2.0" 401 17 "-" "-" 2531 "filebrowser@docker" "http://192.168.90.10:80" 2ms
10.0.0.77 - - [15/Oct/2024:17:46:54 +0000] "POST /api/renew HTTP/2.0" 401 17 "-" "-" 2549 "filebrowser@docker" "http://192.168.90.10:80" 3ms
10.0.0.77 - - [15/Oct/2024:17:46:54 +0000] "POST /api/renew HTTP/2.0" 401 17 "-" "-" 2550 "filebrowser@docker" "http://192.168.90.10:80" 2ms
10.0.0.77 - - [15/Oct/2024:17:50:31 +0000] "GET /api/http/services?search=&status=&per_page=10&page=3 HTTP/2.0" 400 53 "-" "-" 2569 "traefik-secure@docker" "-" 0ms
10.0.0.77 - - [15/Oct/2024:17:51:31 +0000] "GET / HTTP/2.0" 404 19 "-" "-" 2594 "-" "-" 0ms
10.0.0.77 - - [15/Oct/2024:17:57:35 +0000] "POST /api/login HTTP/2.0" 403 14 "-" "-" 2642 "filebrowser@docker" "http://192.168.90.10:80" 2ms
10.0.0.77 - - [15/Oct/2024:17:57:44 +0000] "POST /api/login HTTP/2.0" 403 14 "-" "-" 2643 "filebrowser@docker" "http://192.168.90.10:80" 92ms
10.0.0.77 - - [15/Oct/2024:18:19:53 +0000] "PATCH /api/tus/30-11-2023.mkv?override=false HTTP/2.0" 204 0 "-" "-" 2777 "filebrowser@docker" "http://192.168.90.10:80" 342ms
10.0.0.77 - - [15/Oct/2024:18:19:54 +0000] "PATCH /api/tus/30-11-2023.mkv?override=false HTTP/2.0" 204 0 "-" "-" 2778 "filebrowser@docker" "http://192.168.90.10:80" 200ms
10.0.0.77 - - [15/Oct/2024:18:19:54 +0000] "PATCH /api/tus/30-11-2023.mkv?override=false HTTP/2.0" 204 0 "-" "-" 2779 "filebrowser@docker" "http://192.168.90.10:80" 239ms
10.0.0.77 - - [15/Oct/2024:18:19:54 +0000] "PATCH /api/tus/30-11-2023.mkv?override=false HTTP/2.0" 204 0 "-" "-" 2780 "filebrowser@docker" "http://192.168.90.10:80" 220ms
10.0.0.77 - - [15/Oct/2024:18:19:54 +0000] "PATCH /api/tus/30-11-2023.mkv?override=false HTTP/2.0" 204 0 "-" "-" 2781 "filebrowser@docker" "http://192.168.90.10:80" 207ms
10.0.0.77 - - [15/Oct/2024:18:19:55 +0000] "PATCH /api/tus/30-11-2023.mkv?override=false HTTP/2.0" 204 0 "-" "-" 2782 "filebrowser@docker" "http://192.168.90.10:80" 204ms
10.0.0.77 - - [15/Oct/2024:18:19:55 +0000] "PATCH /api/tus/30-11-2023.mkv?override=false HTTP/2.0" 204 0 "-" "-" 2783 "filebrowser@docker" "http://192.168.90.10:80" 159ms
10.0.0.77 - - [15/Oct/2024:18:20:05 +0000] "DELETE /api/resources/30-11-2023.mkv HTTP/2.0" 204 0 "-" "-" 2792 "filebrowser@docker" "http://192.168.90.10:80" 2ms
10.0.0.77 - - [15/Oct/2024:18:20:11 +0000] "DELETE /api/resources/30-11-2023.mkv HTTP/2.0" 404 14 "-" "-" 2793 "filebrowser@docker" "http://192.168.90.10:80" 2ms
10.0.0.77 - - [15/Oct/2024:18:20:01 +0000] "GET /api/raw/30-11-2023.mkv?auth=eyJhbGciOiJIUzI1NiIsInR5cCI6IkpXVCJ9.eyJ1c2VyIjp7ImlkIjoxLCJsb2NhbGUiOiJlbiIsInZpZXdNb2RlIjoibW9zYWljIiwic2luZ2xlQ2xpY2siOnRydWUsInBlcm0iOnsiYWRtaW4iOnRydWUsImV4ZWN1dGUiOnRydWUsImNyZWF0ZSI6dHJ1ZSwicmVuYW1lIjp0cnVlLCJtb2RpZnkiOnRydWUsImRlbGV0ZSI6dHJ1ZSwic2hhcmUiOnRydWUsImRvd25sb2FkIjp0cnVlfSwiY29tbWFuZHMiOltdLCJsb2NrUGFzc3dvcmQiOmZhbHNlLCJoaWRlRG90ZmlsZXMiOmZhbHNlLCJkYXRlRm9ybWF0IjpmYWxzZX0sImlzcyI6IkZpbGUgQnJvd3NlciIsImV4cCI6MTcyOTAyMjgyOSwiaWF0IjoxNzI5MDE1NjI5fQ.A4Kh3YtBCn_XY2eW4i3t4g2AHLHvlwNdWIpTWWgYAeA&inline=true HTTP/2.0" 206 9404928 "-" "-" 2791 "filebrowser@docker" "http://192.168.90.10:80" 12655ms
10.0.0.77 - - [15/Oct/2024:18:20:56 +0000] "GET /api/hosts/4077d10a-a7ea-4e02-8417-663966074a3a/containers/9597d83b4215/logs?stdout=1&stderr=1&levels=info&levels=debug&levels=warn&levels=error&levels=fatal&levels=trace&levels=warning&levels=critical&levels=unknown&from=2024-10-15T12%3A30%3A44.426Z&to=2024-10-15T15%3A07%3A39.824Z&minimum=100 HTTP/2.0" 404 20 "-" "-" 2796 "dozzle@docker" "http://192.168.90.2:8080" 2ms
10.0.0.77 - - [15/Oct/2024:18:22:51 +0000] "PATCH /api/tus/30-11-2023.mkv?override=false HTTP/2.0" 204 0 "-" "-" 2829 "filebrowser@docker" "http://192.168.90.10:80" 234ms
10.0.0.77 - - [15/Oct/2024:18:22:51 +0000] "PATCH /api/tus/30-11-2023.mkv?override=false HTTP/2.0" 204 0 "-" "-" 2830 "filebrowser@docker" "http://192.168.90.10:80" 194ms
10.0.0.77 - - [15/Oct/2024:18:22:51 +0000] "PATCH /api/tus/30-11-2023.mkv?override=false HTTP/2.0" 204 0 "-" "-" 2831 "filebrowser@docker" "http://192.168.90.10:80" 196ms
10.0.0.77 - - [15/Oct/2024:18:22:51 +0000] "PATCH /api/tus/30-11-2023.mkv?override=false HTTP/2.0" 204 0 "-" "-" 2832 "filebrowser@docker" "http://192.168.90.10:80" 202ms
10.0.0.77 - - [15/Oct/2024:18:22:52 +0000] "PATCH /api/tus/30-11-2023.mkv?override=false HTTP/2.0" 204 0 "-" "-" 2833 "filebrowser@docker" "http://192.168.90.10:80" 192ms
10.0.0.77 - - [15/Oct/2024:18:22:52 +0000] "PATCH /api/tus/30-11-2023.mkv?override=false HTTP/2.0" 204 0 "-" "-" 2834 "filebrowser@docker" "http://192.168.90.10:80" 195ms
10.0.0.77 - - [15/Oct/2024:18:22:52 +0000] "PATCH /api/tus/30-11-2023.mkv?override=false HTTP/2.0" 204 0 "-" "-" 2835 "filebrowser@docker" "http://192.168.90.10:80" 132ms
10.0.0.77 - - [15/Oct/2024:18:23:10 +0000] "DELETE /api/resources/users/30-11-2023.mkv HTTP/2.0" 204 0 "-" "-" 2845 "filebrowser@docker" "http://192.168.90.10:80" 2ms
10.0.0.77 - - [15/Oct/2024:18:23:08 +0000] "GET /api/raw/users/30-11-2023.mkv?auth=eyJhbGciOiJIUzI1NiIsInR5cCI6IkpXVCJ9.eyJ1c2VyIjp7ImlkIjoxLCJsb2NhbGUiOiJlbiIsInZpZXdNb2RlIjoibW9zYWljIiwic2luZ2xlQ2xpY2siOnRydWUsInBlcm0iOnsiYWRtaW4iOnRydWUsImV4ZWN1dGUiOnRydWUsImNyZWF0ZSI6dHJ1ZSwicmVuYW1lIjp0cnVlLCJtb2RpZnkiOnRydWUsImRlbGV0ZSI6dHJ1ZSwic2hhcmUiOnRydWUsImRvd25sb2FkIjp0cnVlfSwiY29tbWFuZHMiOltdLCJsb2NrUGFzc3dvcmQiOmZhbHNlLCJoaWRlRG90ZmlsZXMiOmZhbHNlLCJkYXRlRm9ybWF0IjpmYWxzZX0sImlzcyI6IkZpbGUgQnJvd3NlciIsImV4cCI6MTcyOTAyMzc4NiwiaWF0IjoxNzI5MDE2NTg2fQ.GqXjc_Eu1XVtXRlQYPe6lX320ec7JsQWnQWb_ibR1r8&inline=true HTTP/2.0" 206 9404928 "-" "-" 2844 "filebrowser@docker" "http://192.168.90.10:80" 4486ms
10.0.0.77 - - [15/Oct/2024:18:44:11 +0000] "POST /client HTTP/2.0" 401 141 "-" "-" 2920 "gotify@docker" "http://192.168.90.3:80" 124ms
10.0.0.77 - - [15/Oct/2024:18:44:19 +0000] "POST /client HTTP/2.0" 401 141 "-" "-" 2921 "gotify@docker" "http://192.168.90.3:80" 97ms
10.0.0.77 - - [15/Oct/2024:18:45:02 +0000] "GET / HTTP/2.0" 404 19 "-" "-" 2924 "-" "-" 0ms
10.0.0.77 - - [15/Oct/2024:18:45:02 +0000] "GET /favicon.ico HTTP/2.0" 404 19 "-" "-" 2925 "-" "-" 0ms
10.0.0.77 - - [15/Oct/2024:18:45:05 +0000] "GET / HTTP/2.0" 404 19 "-" "-" 2926 "-" "-" 0ms
10.0.0.77 - - [15/Oct/2024:18:45:16 +0000] "GET / HTTP/2.0" 404 19 "-" "-" 2927 "-" "-" 0ms
10.0.0.77 - - [15/Oct/2024:18:45:17 +0000] "GET / HTTP/2.0" 404 19 "-" "-" 2928 "-" "-" 0ms
10.0.0.77 - - [15/Oct/2024:18:45:26 +0000] "GET / HTTP/2.0" 404 19 "-" "-" 2929 "-" "-" 0ms
10.0.0.77 - - [15/Oct/2024:18:45:27 +0000] "GET / HTTP/2.0" 404 19 "-" "-" 2930 "-" "-" 0ms
10.0.0.77 - - [15/Oct/2024:18:45:31 +0000] "GET /api/http/routers?search=&status=&per_page=10&page=3 HTTP/2.0" 400 53 "-" "-" 2936 "traefik-secure@docker" "-" 0ms
10.0.0.77 - - [15/Oct/2024:18:45:32 +0000] "GET /api/http/services?search=&status=&per_page=10&page=3 HTTP/2.0" 400 53 "-" "-" 2942 "traefik-secure@docker" "-" 0ms
10.0.0.77 - - [15/Oct/2024:18:46:35 +0000] "GET / HTTP/2.0" 500 21 "-" "-" 2987 "mariadb@docker" "http://192.168.90.8:3306" 4ms
10.0.0.77 - - [15/Oct/2024:18:46:35 +0000] "GET /favicon.ico HTTP/2.0" 500 21 "-" "-" 2988 "mariadb@docker" "http://192.168.90.8:3306" 2ms
10.0.0.77 - - [15/Oct/2024:18:46:52 +0000] "GET / HTTP/2.0" 500 21 "-" "-" 2997 "mariadb@docker" "http://192.168.90.8:3306" 4ms
10.0.0.77 - - [15/Oct/2024:18:46:52 +0000] "GET /favicon.ico HTTP/2.0" 500 21 "-" "-" 2998 "mariadb@docker" "http://192.168.90.8:3306" 2ms
10.0.0.77 - - [15/Oct/2024:18:46:53 +0000] "GET / HTTP/2.0" 500 21 "-" "-" 2999 "mariadb@docker" "http://192.168.90.8:3306" 2ms
10.0.0.77 - - [15/Oct/2024:18:46:54 +0000] "GET /favicon.ico HTTP/2.0" 500 21 "-" "-" 3000 "mariadb@docker" "http://192.168.90.8:3306" 2ms
10.0.0.77 - - [15/Oct/2024:18:47:31 +0000] "GET / HTTP/2.0" 500 21 "-" "-" 3011 "mariadb@docker" "http://192.168.90.8:3306" 2ms
10.0.0.77 - - [15/Oct/2024:18:47:31 +0000] "GET /favicon.ico HTTP/2.0" 500 21 "-" "-" 3012 "mariadb@docker" "http://192.168.90.8:3306" 2ms
192.168.91.1 - - [15/Oct/2024:20:02:37 +0000] "GET /api/v2/app/webapiVersion HTTP/2.0" 403 9 "-" "-" 3205 "qbittorrent@docker" "http://192.168.90.20:8080" 5ms
192.168.91.1 - - [15/Oct/2024:20:02:41 +0000] "GET /api/v2/app/webapiVersion HTTP/1.1" 403 9 "-" "-" 3220 "qbittorrent@docker" "http://192.168.90.20:8080" 1ms
192.168.91.1 - - [15/Oct/2024:20:02:46 +0000] "GET /api/system/status?apikey=931defcc776f4fa1ad520bcfea20b97b HTTP/1.1" 404 0 "-" "-" 3229 "radarr@docker" "http://192.168.90.19:7878" 433ms
192.168.91.1 - - [15/Oct/2024:20:02:58 +0000] "POST /message?token=ACNHUN3jjAWEpI7 HTTP/1.1" 401 141 "-" "-" 3256 "gotify@docker" "http://192.168.90.3:80" 4ms
192.168.91.1 - - [15/Oct/2024:20:02:58 +0000] "POST /message?token=ACNHUN3jjAWEpI7 HTTP/1.1" 401 141 "-" "-" 3257 "gotify@docker" "http://192.168.90.3:80" 2ms
192.168.91.1 - - [15/Oct/2024:20:02:58 +0000] "POST /message?token=ACNHUN3jjAWEpI7 HTTP/1.1" 401 141 "-" "-" 3258 "gotify@docker" "http://192.168.90.3:80" 1ms
192.168.91.1 - - [15/Oct/2024:20:02:58 +0000] "POST /message?token=ACNHUN3jjAWEpI7 HTTP/1.1" 401 141 "-" "-" 3259 "gotify@docker" "http://192.168.90.3:80" 1ms
192.168.91.1 - - [15/Oct/2024:20:02:59 +0000] "POST /message?token=ACNHUN3jjAWEpI7 HTTP/1.1" 401 141 "-" "-" 3260 "gotify@docker" "http://192.168.90.3:80" 1ms
192.168.91.1 - - [15/Oct/2024:20:03:00 +0000] "POST /message?token=ACNHUN3jjAWEpI7 HTTP/1.1" 401 141 "-" "-" 3265 "gotify@docker" "http://192.168.90.3:80" 1ms
192.168.91.1 - - [15/Oct/2024:20:03:05 +0000] "GET /1/api?t=caps&apikey=22a293a3c5b4481b86da00c9709be3f6 HTTP/2.0" 404 19 "-" "-" 3289 "-" "-" 0ms
192.168.91.1 - - [15/Oct/2024:20:03:05 +0000] "GET /1/api?t=caps&apikey=22a293a3c5b4481b86da00c9709be3f6 HTTP/2.0" 404 19 "-" "-" 3290 "-" "-" 0ms
192.168.91.1 - - [15/Oct/2024:20:03:05 +0000] "GET /5/api?t=caps&apikey=22a293a3c5b4481b86da00c9709be3f6 HTTP/2.0" 404 19 "-" "-" 3292 "-" "-" 0ms
192.168.91.1 - - [15/Oct/2024:20:03:05 +0000] "GET /5/api?t=caps&apikey=22a293a3c5b4481b86da00c9709be3f6 HTTP/2.0" 404 19 "-" "-" 3294 "-" "-" 0ms
192.168.91.1 - - [15/Oct/2024:20:03:06 +0000] "GET /6/api?t=caps&apikey=22a293a3c5b4481b86da00c9709be3f6 HTTP/2.0" 404 19 "-" "-" 3296 "-" "-" 0ms
192.168.91.1 - - [15/Oct/2024:20:03:06 +0000] "GET /6/api?t=caps&apikey=22a293a3c5b4481b86da00c9709be3f6 HTTP/2.0" 404 19 "-" "-" 3297 "-" "-" 0ms
192.168.91.1 - - [15/Oct/2024:20:03:06 +0000] "GET /7/api?t=caps&apikey=22a293a3c5b4481b86da00c9709be3f6 HTTP/2.0" 404 19 "-" "-" 3298 "-" "-" 0ms
192.168.91.1 - - [15/Oct/2024:20:03:06 +0000] "GET /7/api?t=caps&apikey=22a293a3c5b4481b86da00c9709be3f6 HTTP/2.0" 404 19 "-" "-" 3299 "-" "-" 0ms
192.168.91.1 - - [15/Oct/2024:20:03:10 +0000] "GET /5/api?t=caps&apikey=22a293a3c5b4481b86da00c9709be3f6 HTTP/1.1" 404 19 "-" "-" 3306 "-" "-" 0ms
192.168.91.1 - - [15/Oct/2024:20:03:10 +0000] "GET /8/api?t=caps&apikey=22a293a3c5b4481b86da00c9709be3f6 HTTP/1.1" 404 19 "-" "-" 3307 "-" "-" 0ms
192.168.91.1 - - [15/Oct/2024:20:03:10 +0000] "GET /9/api?t=caps&apikey=22a293a3c5b4481b86da00c9709be3f6 HTTP/1.1" 404 19 "-" "-" 3308 "-" "-" 0ms
192.168.91.1 - - [15/Oct/2024:20:03:10 +0000] "GET /1/api?t=caps&apikey=22a293a3c5b4481b86da00c9709be3f6 HTTP/1.1" 404 19 "-" "-" 3309 "-" "-" 0ms
192.168.91.1 - - [15/Oct/2024:20:03:10 +0000] "GET /3/api?t=caps&apikey=22a293a3c5b4481b86da00c9709be3f6 HTTP/1.1" 404 19 "-" "-" 3310 "-" "-" 0ms
192.168.91.1 - - [15/Oct/2024:20:03:10 +0000] "GET /7/api?t=caps&apikey=22a293a3c5b4481b86da00c9709be3f6 HTTP/1.1" 404 19 "-" "-" 3311 "-" "-" 0ms
10.0.0.77 - - [15/Oct/2024:20:03:26 +0000] "GET /images/qbittorrent-tray.svg HTTP/2.0" 401 12 "-" "-" 3349 "qbittorrent@docker" "http://192.168.90.20:8080" 1ms
10.0.0.77 - - [15/Oct/2024:20:04:36 +0000] "GET /images/qbittorrent-tray.svg HTTP/2.0" 401 12 "-" "-" 3481 "qbittorrent@docker" "http://192.168.90.20:8080" 1ms
10.0.0.77 - - [15/Oct/2024:20:04:36 +0000] "GET /images/qbittorrent-tray.svg HTTP/2.0" 401 12 "-" "-" 3483 "qbittorrent@docker" "http://192.168.90.20:8080" 1ms
10.0.0.77 - - [15/Oct/2024:20:04:42 +0000] "POST /Users/authenticatebyname HTTP/2.0" 401 25 "-" "-" 3899 "jellyfin@docker" "http://192.168.90.14:8096" 421ms
10.0.0.77 - - [15/Oct/2024:20:04:48 +0000] "POST /Users/authenticatebyname HTTP/2.0" 401 25 "-" "-" 4263 "jellyfin@docker" "http://192.168.90.14:8096" 193ms
10.0.0.77 - - [15/Oct/2024:20:04:58 +0000] "POST /Users/authenticatebyname HTTP/2.0" 401 25 "-" "-" 4893 "jellyfin@docker" "http://192.168.90.14:8096" 189ms
192.168.91.1 - - [15/Oct/2024:20:05:00 +0000] "GET /library/sections HTTP/1.1" 401 82 "-" "-" 5011 "plex@docker" "http://192.168.90.21:32400" 1188ms
10.0.0.77 - - [15/Oct/2024:20:06:24 +0000] "POST /Sessions/Capabilities/Full HTTP/2.0" 204 0 "-" "-" 5168 "jellyfin@docker" "http://192.168.90.14:8096" 42ms
10.0.0.77 - - [15/Oct/2024:20:06:46 +0000] "POST /Users/427162ea887e4e97897bd97cca52e594/Password HTTP/2.0" 204 0 "-" "-" 5207 "jellyfin@docker" "http://192.168.90.14:8096" 364ms
10.0.0.77 - - [15/Oct/2024:20:07:12 +0000] "POST /Users/427162ea887e4e97897bd97cca52e594/EasyPassword HTTP/2.0" 204 0 "-" "-" 5215 "jellyfin@docker" "http://192.168.90.14:8096" 213ms
10.0.0.77 - - [15/Oct/2024:20:07:12 +0000] "POST /Users/427162ea887e4e97897bd97cca52e594/Configuration HTTP/2.0" 204 0 "-" "-" 5217 "jellyfin@docker" "http://192.168.90.14:8096" 73ms
10.0.0.77 - - [15/Oct/2024:20:09:23 +0000] "GET /api/v1/auth/me HTTP/2.0" 401 123 "-" "-" 5274 "jellyseerr@docker" "http://192.168.90.17:5055" 7ms
10.0.0.77 - - [15/Oct/2024:20:09:23 +0000] "GET /api/v1/auth/me HTTP/2.0" 401 123 "-" "-" 5277 "jellyseerr@docker" "http://192.168.90.17:5055" 96ms
192.168.91.1 - - [15/Oct/2024:20:10:00 +0000] "GET /library/sections HTTP/1.1" 401 82 "-" "-" 5370 "plex@docker" "http://192.168.90.21:32400" 1473ms
10.0.0.77 - - [15/Oct/2024:20:10:44 +0000] "GET /images/qbittorrent-tray.svg HTTP/2.0" 401 12 "-" "-" 5421 "qbittorrent@docker" "http://192.168.90.20:8080" 2ms
10.0.0.77 - - [15/Oct/2024:20:12:23 +0000] "GET /api/v1/settings/public HTTP/2.0" 499 21 "-" "-" 5466 "jellyseerr@docker" "http://192.168.90.17:5055" 31ms
10.0.0.77 - - [15/Oct/2024:20:12:23 +0000] "GET /api/v1/request/2 HTTP/2.0" 499 21 "-" "-" 5478 "jellyseerr@docker" "http://192.168.90.17:5055" 28ms
10.0.0.77 - - [15/Oct/2024:20:12:23 +0000] "GET /api/v1/tv/62560 HTTP/2.0" 499 21 "-" "-" 5482 "jellyseerr@docker" "http://192.168.90.17:5055" 27ms
10.0.0.77 - - [15/Oct/2024:20:12:23 +0000] "GET /api/v1/tv/2734 HTTP/2.0" 499 21 "-" "-" 5484 "jellyseerr@docker" "http://192.168.90.17:5055" 30ms
10.0.0.77 - - [15/Oct/2024:20:12:23 +0000] "GET /api/v1/tv/94404 HTTP/2.0" 499 21 "-" "-" 5486 "jellyseerr@docker" "http://192.168.90.17:5055" 30ms
10.0.0.77 - - [15/Oct/2024:20:12:23 +0000] "GET /api/v1/discover/tv?page=1 HTTP/2.0" 499 21 "-" "-" 5473 "jellyseerr@docker" "http://192.168.90.17:5055" 34ms
10.0.0.77 - - [15/Oct/2024:20:12:23 +0000] "GET /api/v1/movie/675353 HTTP/2.0" 499 21 "-" "-" 5488 "jellyseerr@docker" "http://192.168.90.17:5055" 30ms
10.0.0.77 - - [15/Oct/2024:20:12:23 +0000] "GET /api/v1/discover/watchlist HTTP/2.0" 499 21 "-" "-" 5471 "jellyseerr@docker" "http://192.168.90.17:5055" 35ms
10.0.0.77 - - [15/Oct/2024:20:12:23 +0000] "GET /api/v1/discover/trending?page=1 HTTP/2.0" 499 21 "-" "-" 5470 "jellyseerr@docker" "http://192.168.90.17:5055" 35ms
10.0.0.77 - - [15/Oct/2024:20:12:23 +0000] "GET /api/v1/request/4 HTTP/2.0" 499 21 "-" "-" 5476 "jellyseerr@docker" "http://192.168.90.17:5055" 34ms
10.0.0.77 - - [15/Oct/2024:20:12:23 +0000] "GET /api/v1/status HTTP/2.0" 499 21 "-" "-" 5465 "jellyseerr@docker" "http://192.168.90.17:5055" 37ms
10.0.0.77 - - [15/Oct/2024:20:12:23 +0000] "GET /api/v1/request?filter=all&take=10&sort=modified&skip=0 HTTP/2.0" 499 21 "-" "-" 5469 "jellyseerr@docker" "http://192.168.90.17:5055" 36ms
10.0.0.77 - - [15/Oct/2024:20:12:23 +0000] "GET /api/v1/tv/123192 HTTP/2.0" 499 21 "-" "-" 5485 "jellyseerr@docker" "http://192.168.90.17:5055" 32ms
10.0.0.77 - - [15/Oct/2024:20:12:23 +0000] "GET /api/v1/settings/discover HTTP/2.0" 499 21 "-" "-" 5467 "jellyseerr@docker" "http://192.168.90.17:5055" 38ms
10.0.0.77 - - [15/Oct/2024:20:12:23 +0000] "GET /api/v1/movie/466420 HTTP/2.0" 499 21 "-" "-" 5480 "jellyseerr@docker" "http://192.168.90.17:5055" 34ms
10.0.0.77 - - [15/Oct/2024:20:12:23 +0000] "GET /api/v1/movie/22492 HTTP/2.0" 499 21 "-" "-" 5483 "jellyseerr@docker" "http://192.168.90.17:5055" 33ms
10.0.0.77 - - [15/Oct/2024:20:12:23 +0000] "GET /api/v1/request/1 HTTP/2.0" 499 21 "-" "-" 5479 "jellyseerr@docker" "http://192.168.90.17:5055" 34ms
10.0.0.77 - - [15/Oct/2024:20:12:23 +0000] "GET /api/v1/discover/movies?page=1 HTTP/2.0" 499 21 "-" "-" 5475 "jellyseerr@docker" "http://192.168.90.17:5055" 36ms
10.0.0.77 - - [15/Oct/2024:20:12:23 +0000] "GET /api/v1/auth/me HTTP/2.0" 499 21 "-" "-" 5464 "jellyseerr@docker" "http://192.168.90.17:5055" 40ms
10.0.0.77 - - [15/Oct/2024:20:12:23 +0000] "GET /api/v1/discover/tv?page=1&firstAirDateGte=2024-10-15 HTTP/2.0" 499 21 "-" "-" 5474 "jellyseerr@docker" "http://192.168.90.17:5055" 37ms
10.0.0.77 - - [15/Oct/2024:20:12:23 +0000] "GET /api/v1/movie/872585 HTTP/2.0" 499 21 "-" "-" 5481 "jellyseerr@docker" "http://192.168.90.17:5055" 34ms
10.0.0.77 - - [15/Oct/2024:20:12:23 +0000] "GET /api/v1/media?filter=allavailable&take=20&sort=mediaAdded HTTP/2.0" 499 21 "-" "-" 5468 "jellyseerr@docker" "http://192.168.90.17:5055" 39ms
10.0.0.77 - - [15/Oct/2024:20:12:23 +0000] "GET /api/v1/request/3 HTTP/2.0" 499 21 "-" "-" 5477 "jellyseerr@docker" "http://192.168.90.17:5055" 36ms
10.0.0.77 - - [15/Oct/2024:20:12:23 +0000] "GET /api/v1/discover/movies?page=1&primaryReleaseDateGte=2024-10-15 HTTP/2.0" 499 21 "-" "-" 5472 "jellyseerr@docker" "http://192.168.90.17:5055" 37ms
10.0.0.77 - - [15/Oct/2024:20:12:25 +0000] "GET /media/providers?X-Plex-Product=Plex%20Web&X-Plex-Version=4.108.0&X-Plex-Client-Identifier=nld0d8a6abpq9lpk70i8h03d&X-Plex-Platform=Chrome&X-Plex-Platform-Version=128.0&X-Plex-Features=external-media%2Cindirect-media%2Chub-style-list&X-Plex-Model=bundled&X-Plex-Device=Windows&X-Plex-Device-Name=Chrome&X-Plex-Device-Screen-Resolution=1602x766%2C1600x900&X-Plex-Language=pt-BR&X-Plex-Session-Id=817885f9-3b63-454d-8823-a7d8cd8b06e1 HTTP/2.0" 401 82 "-" "-" 5520 "plex@docker" "http://192.168.90.21:32400" 3ms
10.0.0.77 - - [15/Oct/2024:20:12:25 +0000] "GET /?X-Plex-Product=Plex%20Web&X-Plex-Version=4.108.0&X-Plex-Client-Identifier=nld0d8a6abpq9lpk70i8h03d&X-Plex-Platform=Chrome&X-Plex-Platform-Version=128.0&X-Plex-Features=external-media%2Cindirect-media%2Chub-style-list&X-Plex-Model=bundled&X-Plex-Device=Windows&X-Plex-Device-Name=Chrome&X-Plex-Device-Screen-Resolution=1602x766%2C1600x900&X-Plex-Language=pt-BR&X-Plex-Session-Id=817885f9-3b63-454d-8823-a7d8cd8b06e1 HTTP/2.0" 401 157 "-" "-" 5521 "plex@docker" "http://192.168.90.21:32400" 4ms
10.0.0.77 - - [15/Oct/2024:20:12:25 +0000] "GET /activities?X-Plex-Product=Plex%20Web&X-Plex-Version=4.108.0&X-Plex-Client-Identifier=nld0d8a6abpq9lpk70i8h03d&X-Plex-Platform=Chrome&X-Plex-Platform-Version=128.0&X-Plex-Features=external-media%2Cindirect-media%2Chub-style-list&X-Plex-Model=bundled&X-Plex-Device=Windows&X-Plex-Device-Name=Chrome&X-Plex-Device-Screen-Resolution=1602x766%2C1600x900&X-Plex-Token=z-eVBPQE---3aKkE2-r3&X-Plex-Language=pt-BR&X-Plex-Session-Id=817885f9-3b63-454d-8823-a7d8cd8b06e1 HTTP/2.0" 401 82 "-" "-" 5525 "plex@docker" "http://192.168.90.21:32400" 3ms
10.0.0.77 - - [15/Oct/2024:20:12:29 +0000] "GET /media/providers?X-Plex-Product=Plex%20Web&X-Plex-Version=4.108.0&X-Plex-Client-Identifier=nld0d8a6abpq9lpk70i8h03d&X-Plex-Platform=Chrome&X-Plex-Platform-Version=128.0&X-Plex-Features=external-media%2Cindirect-media%2Chub-style-list&X-Plex-Model=bundled&X-Plex-Device=Windows&X-Plex-Device-Name=Chrome&X-Plex-Device-Screen-Resolution=1602x766%2C1600x900&X-Plex-Restriction-Profile=&X-Plex-Language=pt-BR&X-Plex-Session-Id=817885f9-3b63-454d-8823-a7d8cd8b06e1 HTTP/2.0" 401 82 "-" "-" 5536 "plex@docker" "http://192.168.90.21:32400" 4ms
10.0.0.77 - - [15/Oct/2024:20:12:29 +0000] "GET /?X-Plex-Product=Plex%20Web&X-Plex-Version=4.108.0&X-Plex-Client-Identifier=nld0d8a6abpq9lpk70i8h03d&X-Plex-Platform=Chrome&X-Plex-Platform-Version=128.0&X-Plex-Features=external-media%2Cindirect-media%2Chub-style-list&X-Plex-Model=bundled&X-Plex-Device=Windows&X-Plex-Device-Name=Chrome&X-Plex-Device-Screen-Resolution=1602x766%2C1600x900&X-Plex-Restriction-Profile=&X-Plex-Language=pt-BR&X-Plex-Session-Id=817885f9-3b63-454d-8823-a7d8cd8b06e1 HTTP/2.0" 401 157 "-" "-" 5537 "plex@docker" "http://192.168.90.21:32400" 4ms
10.0.0.77 - - [15/Oct/2024:20:12:30 +0000] "GET /activities?X-Plex-Product=Plex%20Web&X-Plex-Version=4.108.0&X-Plex-Client-Identifier=nld0d8a6abpq9lpk70i8h03d&X-Plex-Platform=Chrome&X-Plex-Platform-Version=128.0&X-Plex-Features=external-media%2Cindirect-media%2Chub-style-list&X-Plex-Model=bundled&X-Plex-Device=Windows&X-Plex-Device-Name=Chrome&X-Plex-Device-Screen-Resolution=1602x766%2C1600x900&X-Plex-Restriction-Profile=&X-Plex-Token=z-eVBPQE---3aKkE2-r3&X-Plex-Language=pt-BR&X-Plex-Session-Id=817885f9-3b63-454d-8823-a7d8cd8b06e1 HTTP/2.0" 401 82 "-" "-" 5546 "plex@docker" "http://192.168.90.21:32400" 2ms
192.168.91.1 - - [15/Oct/2024:20:15:00 +0000] "GET /library/sections HTTP/1.1" 401 82 "-" "-" 5651 "plex@docker" "http://192.168.90.21:32400" 1322ms
10.0.0.77 - - [15/Oct/2024:20:15:44 +0000] "GET / HTTP/2.0" 404 19 "-" "-" 5720 "-" "-" 0ms
10.0.0.77 - - [15/Oct/2024:20:15:44 +0000] "GET /favicon.ico HTTP/2.0" 404 19 "-" "-" 5721 "-" "-" 0ms
10.0.0.77 - - [15/Oct/2024:20:15:44 +0000] "GET /Content/Images/Icons/apple-touch-icon.png?h=6OFTjFECz9UsB7H/TlShUg HTTP/2.0" 404 19 "-" "-" 5722 "-" "-" 0ms
192.168.91.1 - - [15/Oct/2024:20:20:00 +0000] "GET /library/sections HTTP/1.1" 401 82 "-" "-" 5837 "plex@docker" "http://192.168.90.21:32400" 1200ms
192.168.91.1 - - [15/Oct/2024:20:25:00 +0000] "GET /library/sections HTTP/1.1" 401 82 "-" "-" 6103 "plex@docker" "http://192.168.90.21:32400" 1531ms
10.0.0.77 - - [15/Oct/2024:20:26:05 +0000] "POST /api/v3/downloadclient/test HTTP/2.0" 400 210 "-" "-" 6186 "radarr@docker" "http://192.168.90.19:7878" 160ms
192.168.91.1 - - [15/Oct/2024:20:30:00 +0000] "GET /library/sections HTTP/1.1" 401 82 "-" "-" 6384 "plex@docker" "http://192.168.90.21:32400" 3621ms
10.0.0.77 - - [15/Oct/2024:20:30:04 +0000] "GET /signalr/reconnect?transport=serverSentEvents&messageId=d-6263DD02-B%2CAE%7CD%2C2&clientProtocol=2.1&apiKey=f52490a237854b94af0cee6bf80583c8&connectionToken=XOr0h%2Fjj6MRgJ8B5QymUgTC3dE5l9PLzEwTdTT%2B9xc5Hfo7KILZA02FeEIx2wTtRcrjO148df4jA5nUbQ1Y89wtdFqhDmGbm79P87mqPy0hf16Fj1rn6KKg10Ioc9AOH%2BrVpB8KsJUvGjT5bOVW0PJdPzNE7KVZOaWX%2BiZouoy%2F5PZQuMjJ0jBK0m5frU25V%2BzEadKFsrjU%2Bn3y3mvml9yg9sAik6ai61EwFZORBfdeaSORlwCEDtz5IOSK8lXcF1fV0YcYe2tVTopzphtMJUcAx4Ra07knr0Mo0bZl0PLn91mEc5Y%2FfOqdW%2BmyQ4VbX&tid=0 HTTP/2.0" 502 11 "-" "-" 6397 "sonarr@docker" "http://192.168.90.13:8989" 0ms
10.0.0.77 - - [15/Oct/2024:20:30:06 +0000] "GET /signalr/reconnect?transport=serverSentEvents&messageId=d-6263DD02-B%2CAE%7CD%2C2&clientProtocol=2.1&apiKey=f52490a237854b94af0cee6bf80583c8&connectionToken=XOr0h%2Fjj6MRgJ8B5QymUgTC3dE5l9PLzEwTdTT%2B9xc5Hfo7KILZA02FeEIx2wTtRcrjO148df4jA5nUbQ1Y89wtdFqhDmGbm79P87mqPy0hf16Fj1rn6KKg10Ioc9AOH%2BrVpB8KsJUvGjT5bOVW0PJdPzNE7KVZOaWX%2BiZouoy%2F5PZQuMjJ0jBK0m5frU25V%2BzEadKFsrjU%2Bn3y3mvml9yg9sAik6ai61EwFZORBfdeaSORlwCEDtz5IOSK8lXcF1fV0YcYe2tVTopzphtMJUcAx4Ra07knr0Mo0bZl0PLn91mEc5Y%2FfOqdW%2BmyQ4VbX&tid=7 HTTP/2.0" 502 11 "-" "-" 6433 "sonarr@docker" "http://192.168.90.13:8989" 0ms
10.0.0.77 - - [15/Oct/2024:20:30:08 +0000] "GET /settings/mediamanagement HTTP/2.0" 404 19 "-" "-" 6434 "-" "-" 0ms
10.0.0.77 - - [15/Oct/2024:20:30:08 +0000] "POST /signalr/abort?transport=serverSentEvents&clientProtocol=2.1&apiKey=f52490a237854b94af0cee6bf80583c8&connectionToken=XOr0h%2Fjj6MRgJ8B5QymUgTC3dE5l9PLzEwTdTT%2B9xc5Hfo7KILZA02FeEIx2wTtRcrjO148df4jA5nUbQ1Y89wtdFqhDmGbm79P87mqPy0hf16Fj1rn6KKg10Ioc9AOH%2BrVpB8KsJUvGjT5bOVW0PJdPzNE7KVZOaWX%2BiZouoy%2F5PZQuMjJ0jBK0m5frU25V%2BzEadKFsrjU%2Bn3y3mvml9yg9sAik6ai61EwFZORBfdeaSORlwCEDtz5IOSK8lXcF1fV0YcYe2tVTopzphtMJUcAx4Ra07knr0Mo0bZl0PLn91mEc5Y%2FfOqdW%2BmyQ4VbX HTTP/2.0" 404 19 "-" "-" 6435 "-" "-" 0ms
192.168.91.1 - - [15/Oct/2024:20:30:11 +0000] "GET /api/v2/app/webapiVersion HTTP/1.1" 403 9 "-" "-" 6436 "qbittorrent@docker" "http://192.168.90.20:8080" 1ms
10.0.0.77 - - [15/Oct/2024:20:33:58 +0000] "GET /signalr/reconnect?transport=serverSentEvents&messageId=d-D7CE8E06-B%2C19%7CC%2C2&clientProtocol=2.1&apiKey=f52490a237854b94af0cee6bf80583c8&connectionToken=da1aG24jAyciwx%2B3lL7LUoEnZwq72FLUsMxzLVbUGiLA2rBXx%2FpifkBvpFyhEnYUVm%2BKSKrc4od6gPydNUTbXDDlbrECVNzRAxXOzOsdgvvuTbu4RiyUQSPdP2igWowml5qC3xbuGc4DsSHsejdY5HMXdrzVJve6CPC1jsX66UhZVZN1vQOrNTdQmNCCmnXukIF%2FWQmgpvEHzhCAZbBt6JlBuM1LNAhKoire7pnEzo1MRrEQiIUwrqt0efX5gdtp7aL8qCGu4g1J47dwQ2mh7tAXQaVDbPORpTAuxwCqJGu8T8qnIF2cfanW62IXuMjQ&tid=6 HTTP/2.0" 502 11 "-" "-" 6583 "sonarr@docker" "http://192.168.90.13:8989" 1ms
192.168.91.1 - - [15/Oct/2024:20:34:00 +0000] "GET /api/v3/queue?apikey=f52490a237854b94af0cee6bf80583c8&includeEpisode=true HTTP/1.1" 502 11 "-" "-" 6586 "sonarr@docker" "http://192.168.90.13:8989" 1ms
192.168.91.1 - - [15/Oct/2024:20:34:00 +0000] "GET /api/v3/queue?apikey=f52490a237854b94af0cee6bf80583c8&includeEpisode=true HTTP/1.1" 502 11 "-" "-" 6587 "sonarr@docker" "http://192.168.90.13:8989" 1ms
10.0.0.77 - - [15/Oct/2024:20:34:00 +0000] "GET /signalr/reconnect?transport=serverSentEvents&messageId=d-D7CE8E06-B%2C19%7CC%2C2&clientProtocol=2.1&apiKey=f52490a237854b94af0cee6bf80583c8&connectionToken=da1aG24jAyciwx%2B3lL7LUoEnZwq72FLUsMxzLVbUGiLA2rBXx%2FpifkBvpFyhEnYUVm%2BKSKrc4od6gPydNUTbXDDlbrECVNzRAxXOzOsdgvvuTbu4RiyUQSPdP2igWowml5qC3xbuGc4DsSHsejdY5HMXdrzVJve6CPC1jsX66UhZVZN1vQOrNTdQmNCCmnXukIF%2FWQmgpvEHzhCAZbBt6JlBuM1LNAhKoire7pnEzo1MRrEQiIUwrqt0efX5gdtp7aL8qCGu4g1J47dwQ2mh7tAXQaVDbPORpTAuxwCqJGu8T8qnIF2cfanW62IXuMjQ&tid=7 HTTP/2.0" 502 11 "-" "-" 6588 "sonarr@docker" "http://192.168.90.13:8989" 0ms
10.0.0.77 - - [15/Oct/2024:20:34:02 +0000] "GET /signalr/reconnect?transport=serverSentEvents&messageId=d-D7CE8E06-B%2C19%7CC%2C2&clientProtocol=2.1&apiKey=f52490a237854b94af0cee6bf80583c8&connectionToken=da1aG24jAyciwx%2B3lL7LUoEnZwq72FLUsMxzLVbUGiLA2rBXx%2FpifkBvpFyhEnYUVm%2BKSKrc4od6gPydNUTbXDDlbrECVNzRAxXOzOsdgvvuTbu4RiyUQSPdP2igWowml5qC3xbuGc4DsSHsejdY5HMXdrzVJve6CPC1jsX66UhZVZN1vQOrNTdQmNCCmnXukIF%2FWQmgpvEHzhCAZbBt6JlBuM1LNAhKoire7pnEzo1MRrEQiIUwrqt0efX5gdtp7aL8qCGu4g1J47dwQ2mh7tAXQaVDbPORpTAuxwCqJGu8T8qnIF2cfanW62IXuMjQ&tid=1 HTTP/2.0" 404 19 "-" "-" 6589 "-" "-" 0ms
192.168.91.1 - - [15/Oct/2024:20:34:05 +0000] "GET /api/v2/app/webapiVersion HTTP/1.1" 403 9 "-" "-" 6595 "qbittorrent@docker" "http://192.168.90.20:8080" 1ms
192.168.91.1 - - [15/Oct/2024:20:35:00 +0000] "GET /library/sections HTTP/1.1" 401 82 "-" "-" 6659 "plex@docker" "http://192.168.90.21:32400" 1370ms
192.168.91.1 - - [15/Oct/2024:20:35:53 +0000] "GET /api/system/status?apikey=931defcc776f4fa1ad520bcfea20b97b HTTP/1.1" 404 0 "-" "-" 6732 "radarr@docker" "http://192.168.90.19:7878" 1ms
10.0.0.77 - - [15/Oct/2024:20:36:07 +0000] "POST /api/system/announcements HTTP/2.0" 204 0 "-" "-" 6748 "bazarr@docker" "http://192.168.90.16:6767" 25ms
10.0.0.77 - - [15/Oct/2024:20:37:08 +0000] "POST /auth/signin HTTP/2.0" 401 72 "-" "-" 6788 "tautulli@docker" "http://192.168.90.18:8181" 825ms
10.0.0.77 - - [15/Oct/2024:20:38:07 +0000] "GET /activities?X-Plex-Product=Plex%20Web&X-Plex-Version=4.140.1&X-Plex-Client-Identifier=nn2dve34ptqp9buy2d4swkmp&X-Plex-Platform=Chrome&X-Plex-Platform-Version=128.0&X-Plex-Features=external-media%2Cindirect-media%2Chub-style-list&X-Plex-Model=hosted&X-Plex-Device=Windows&X-Plex-Device-Name=Chrome&X-Plex-Device-Screen-Resolution=1602x766%2C1600x900&X-Plex-Restriction-Profile=&X-Plex-Token=z-eVBPQE---3aKkE2-r3&X-Plex-Language=pt-BR&X-Plex-Session-Id=e57c187c-b222-474c-8336-b5568effd128 HTTP/2.0" 401 82 "-" "-" 6807 "plex@docker" "http://192.168.90.21:32400" 2ms
192.168.91.1 - - [15/Oct/2024:20:40:00 +0000] "GET /library/sections HTTP/1.1" 401 82 "-" "-" 6880 "plex@docker" "http://192.168.90.21:32400" 1677ms
10.0.0.77 - - [15/Oct/2024:20:44:47 +0000] "GET /api/http/routers?search=&status=&per_page=10&page=4 HTTP/2.0" 400 53 "-" "-" 7042 "traefik-secure@docker" "-" 0ms
192.168.91.1 - - [15/Oct/2024:20:45:00 +0000] "GET /library/sections HTTP/1.1" 401 82 "-" "-" 7053 "plex@docker" "http://192.168.90.21:32400" 1326ms
10.0.0.77 - - [15/Oct/2024:20:45:09 +0000] "GET /api/http/middlewares?search=&status=&per_page=10&page=3 HTTP/2.0" 400 53 "-" "-" 7111 "traefik-secure@docker" "-" 0ms
192.168.91.1 - - [15/Oct/2024:20:50:00 +0000] "GET /library/sections HTTP/1.1" 401 82 "-" "-" 7195 "plex@docker" "http://192.168.90.21:32400" 1272ms
192.168.91.1 - - [15/Oct/2024:20:50:05 +0000] "GET /1/api?t=tvsearch&cat=5000,5040,5030,5070&extended=1&apikey=22a293a3c5b4481b86da00c9709be3f6&offset=0&limit=100 HTTP/1.1" 429 142 "-" "-" 7222 "prowlarr@docker" "http://192.168.90.15:9696" 40ms
192.168.91.1 - - [15/Oct/2024:20:55:00 +0000] "GET /library/sections HTTP/1.1" 401 82 "-" "-" 7298 "plex@docker" "http://192.168.90.21:32400" 1203ms
192.168.91.1 - - [15/Oct/2024:20:57:51 +0000] "GET /api/system/status?apikey=931defcc776f4fa1ad520bcfea20b97b HTTP/1.1" 404 0 "-" "-" 7370 "radarr@docker" "http://192.168.90.19:7878" 2ms
192.168.91.1 - - [15/Oct/2024:21:03:06 +0000] "GET /1/api?t=caps&apikey=22a293a3c5b4481b86da00c9709be3f6 HTTP/2.0" 429 142 "-" "-" 7444 "prowlarr@docker" "http://192.168.90.15:9696" 17ms
192.168.91.1 - - [15/Oct/2024:21:03:06 +0000] "GET /1/api?t=caps&apikey=22a293a3c5b4481b86da00c9709be3f6 HTTP/2.0" 429 142 "-" "-" 7447 "prowlarr@docker" "http://192.168.90.15:9696" 18ms
192.168.91.1 - - [15/Oct/2024:21:05:00 +0000] "GET /library/sections HTTP/1.1" 401 82 "-" "-" 7474 "plex@docker" "http://192.168.90.21:32400" 1753ms
192.168.91.1 - - [15/Oct/2024:21:10:00 +0000] "GET /library/sections HTTP/1.1" 401 82 "-" "-" 7581 "plex@docker" "http://192.168.90.21:32400" 1279ms
192.168.91.1 - - [15/Oct/2024:21:15:00 +0000] "GET /library/sections HTTP/1.1" 401 82 "-" "-" 7677 "plex@docker" "http://192.168.90.21:32400" 1417ms
192.168.91.1 - - [15/Oct/2024:21:20:00 +0000] "GET /library/sections HTTP/1.1" 401 82 "-" "-" 7778 "plex@docker" "http://192.168.90.21:32400" 1353ms
10.0.0.77 - - [15/Oct/2024:21:23:37 +0000] "GET /api/docker/status/cloudflare-tunnel/my-docker HTTP/2.0" 404 22 "-" "-" 7904 "homepage@docker" "http://192.168.90.9:3000" 123ms
10.0.0.77 - - [15/Oct/2024:21:23:38 +0000] "GET /api/services/proxy?type=traefik&group=Reverse+Proxy&service=Tr%C3%A6fik&endpoint=overview HTTP/2.0" 500 288 "-" "-" 7919 "homepage@docker" "http://192.168.90.9:3000" 73ms
192.168.91.1 - - [15/Oct/2024:21:23:38 +0000] "GET /api/containers HTTP/1.1" 404 19 "-" "-" 7927 "-" "-" 2ms
10.0.0.77 - - [15/Oct/2024:21:23:38 +0000] "GET /api/services/proxy?type=whatsupdocker&group=Updates&service=What%27s+up+Docker&endpoint=containers HTTP/2.0" 404 201 "-" "-" 7920 "homepage@docker" "http://192.168.90.9:3000" 160ms
192.168.91.1 - - [15/Oct/2024:21:23:38 +0000] "GET /api/v2/torrents/info HTTP/1.1" 403 9 "-" "-" 7935 "qbittorrent@docker" "http://192.168.90.20:8080" 1ms
192.168.91.1 - - [15/Oct/2024:21:23:38 +0000] "GET /emby/Items/Counts?api_key=fdd9f520336d47569b7f80f7ed344a0b HTTP/1.1" 401 0 "-" "-" 7949 "jellyfin@docker" "http://192.168.90.14:8096" 63ms
192.168.91.1 - - [15/Oct/2024:21:23:38 +0000] "GET /emby/Sessions?api_key=fdd9f520336d47569b7f80f7ed344a0b HTTP/1.1" 401 0 "-" "-" 7954 "jellyfin@docker" "http://192.168.90.14:8096" 33ms
10.0.0.77 - - [15/Oct/2024:21:23:38 +0000] "GET /api/services/proxy?type=jellyfin&group=Media&service=Jellyfin&endpoint=Sessions&query=%7B%22refreshInterval%22%3A5000%7D HTTP/2.0" 401 140 "-" "-" 7937 "homepage@docker" "http://192.168.90.9:3000" 245ms
10.0.0.77 - - [15/Oct/2024:21:23:38 +0000] "GET /api/services/proxy?type=jellyfin&group=Media&service=Jellyfin&endpoint=Count&query=%7B%22refreshInterval%22%3A60000%7D HTTP/2.0" 401 144 "-" "-" 7940 "homepage@docker" "http://192.168.90.9:3000" 243ms
192.168.91.1 - - [15/Oct/2024:21:23:38 +0000] "GET /api/v1/request/count HTTP/1.1" 403 75 "-" "-" 7950 "jellyseerr@docker" "http://192.168.90.17:5055" 146ms
10.0.0.77 - - [15/Oct/2024:21:23:38 +0000] "GET /api/services/proxy?type=jellyseerr&group=Media&service=Jellyseerr&endpoint=request%2Fcount HTTP/2.0" 403 75 "-" "-" 7938 "homepage@docker" "http://192.168.90.9:3000" 326ms
192.168.91.1 - - [15/Oct/2024:21:23:38 +0000] "GET /emby/Sessions?api_key=fdd9f520336d47569b7f80f7ed344a0b HTTP/1.1" 401 0 "-" "-" 7967 "jellyfin@docker" "http://192.168.90.14:8096" 4ms
192.168.91.1 - - [15/Oct/2024:21:23:38 +0000] "GET /emby/Items/Counts?api_key=fdd9f520336d47569b7f80f7ed344a0b HTTP/1.1" 401 0 "-" "-" 7968 "jellyfin@docker" "http://192.168.90.14:8096" 3ms
10.0.0.77 - - [15/Oct/2024:21:23:38 +0000] "GET /api/services/proxy?type=emby&group=Media&service=Jellyfin&endpoint=Sessions&query=%7B%22refreshInterval%22%3A5000%7D HTTP/2.0" 401 140 "-" "-" 7956 "homepage@docker" "http://192.168.90.9:3000" 138ms
10.0.0.77 - - [15/Oct/2024:21:23:38 +0000] "GET /api/services/proxy?type=emby&group=Media&service=Jellyfin&endpoint=Count&query=%7B%22refreshInterval%22%3A60000%7D HTTP/2.0" 401 144 "-" "-" 7957 "homepage@docker" "http://192.168.90.9:3000" 138ms
10.0.0.77 - - [15/Oct/2024:21:23:38 +0000] "GET /api/services/proxy?type=adguard&group=Network&service=AdGuard+Home&endpoint=stats HTTP/2.0" 403 161 "-" "-" 7930 "homepage@docker" "http://192.168.90.9:3000" 1865ms
10.0.0.77 - - [15/Oct/2024:21:23:42 +0000] "GET /api/docker/status/cloudflare-tunnel/my-docker HTTP/2.0" 404 22 "-" "-" 7992 "homepage@docker" "http://192.168.90.9:3000" 60ms
10.0.0.77 - - [15/Oct/2024:21:23:42 +0000] "GET /api/services/proxy?type=traefik&group=Reverse+Proxy&service=Tr%C3%A6fik&endpoint=overview HTTP/2.0" 500 288 "-" "-" 7994 "homepage@docker" "http://192.168.90.9:3000" 101ms
192.168.91.1 - - [15/Oct/2024:21:23:42 +0000] "GET /api/containers HTTP/1.1" 404 19 "-" "-" 8007 "-" "-" 0ms
10.0.0.77 - - [15/Oct/2024:21:23:42 +0000] "GET /api/services/proxy?type=whatsupdocker&group=Updates&service=What%27s+up+Docker&endpoint=containers HTTP/2.0" 404 201 "-" "-" 7995 "homepage@docker" "http://192.168.90.9:3000" 158ms
192.168.91.1 - - [15/Oct/2024:21:23:43 +0000] "GET /emby/Items/Counts?api_key=fdd9f520336d47569b7f80f7ed344a0b HTTP/1.1" 401 0 "-" "-" 8025 "jellyfin@docker" "http://192.168.90.14:8096" 3ms
10.0.0.77 - - [15/Oct/2024:21:23:42 +0000] "GET /api/services/proxy?type=jellyfin&group=Media&service=Jellyfin&endpoint=Count&query=%7B%22refreshInterval%22%3A60000%7D HTTP/2.0" 401 144 "-" "-" 8012 "homepage@docker" "http://192.168.90.9:3000" 120ms
192.168.91.1 - - [15/Oct/2024:21:23:43 +0000] "GET /emby/Sessions?api_key=fdd9f520336d47569b7f80f7ed344a0b HTTP/1.1" 401 0 "-" "-" 8026 "jellyfin@docker" "http://192.168.90.14:8096" 2ms
10.0.0.77 - - [15/Oct/2024:21:23:42 +0000] "GET /api/services/proxy?type=jellyfin&group=Media&service=Jellyfin&endpoint=Sessions&query=%7B%22refreshInterval%22%3A5000%7D HTTP/2.0" 401 140 "-" "-" 8011 "homepage@docker" "http://192.168.90.9:3000" 144ms
192.168.91.1 - - [15/Oct/2024:21:23:43 +0000] "GET /api/v1/request/count HTTP/1.1" 403 75 "-" "-" 8032 "jellyseerr@docker" "http://192.168.90.17:5055" 15ms
10.0.0.77 - - [15/Oct/2024:21:23:42 +0000] "GET /api/services/proxy?type=jellyseerr&group=Media&service=Jellyseerr&endpoint=request%2Fcount HTTP/2.0" 403 75 "-" "-" 8013 "homepage@docker" "http://192.168.90.9:3000" 322ms
192.168.91.1 - - [15/Oct/2024:21:23:43 +0000] "GET /emby/Items/Counts?api_key=fdd9f520336d47569b7f80f7ed344a0b HTTP/1.1" 401 0 "-" "-" 8042 "jellyfin@docker" "http://192.168.90.14:8096" 3ms
192.168.91.1 - - [15/Oct/2024:21:23:43 +0000] "GET /emby/Sessions?api_key=fdd9f520336d47569b7f80f7ed344a0b HTTP/1.1" 401 0 "-" "-" 8041 "jellyfin@docker" "http://192.168.90.14:8096" 8ms
10.0.0.77 - - [15/Oct/2024:21:23:43 +0000] "GET /api/services/proxy?type=emby&group=Media&service=Jellyfin&endpoint=Count&query=%7B%22refreshInterval%22%3A60000%7D HTTP/2.0" 401 144 "-" "-" 8028 "homepage@docker" "http://192.168.90.9:3000" 316ms
10.0.0.77 - - [15/Oct/2024:21:23:43 +0000] "GET /api/services/proxy?type=emby&group=Media&service=Jellyfin&endpoint=Sessions&query=%7B%22refreshInterval%22%3A5000%7D HTTP/2.0" 401 140 "-" "-" 8027 "homepage@docker" "http://192.168.90.9:3000" 317ms
10.0.0.77 - - [15/Oct/2024:21:23:42 +0000] "GET /api/services/proxy?type=adguard&group=Network&service=AdGuard+Home&endpoint=stats HTTP/2.0" 403 161 "-" "-" 7999 "homepage@docker" "http://192.168.90.9:3000" 2548ms
192.168.91.1 - - [15/Oct/2024:21:23:48 +0000] "GET /emby/Sessions?api_key=fdd9f520336d47569b7f80f7ed344a0b HTTP/1.1" 401 0 "-" "-" 8051 "jellyfin@docker" "http://192.168.90.14:8096" 4ms
10.0.0.77 - - [15/Oct/2024:21:23:48 +0000] "GET /api/services/proxy?type=emby&group=Media&service=Jellyfin&endpoint=Sessions&query=%7B%22refreshInterval%22%3A5000%7D HTTP/2.0" 401 140 "-" "-" 8050 "homepage@docker" "http://192.168.90.9:3000" 89ms
192.168.91.1 - - [15/Oct/2024:21:23:53 +0000] "GET /emby/Sessions?api_key=fdd9f520336d47569b7f80f7ed344a0b HTTP/1.1" 401 0 "-" "-" 8061 "jellyfin@docker" "http://192.168.90.14:8096" 5ms
10.0.0.77 - - [15/Oct/2024:21:23:53 +0000] "GET /api/services/proxy?type=emby&group=Media&service=Jellyfin&endpoint=Sessions&query=%7B%22refreshInterval%22%3A5000%7D HTTP/2.0" 401 140 "-" "-" 8060 "homepage@docker" "http://192.168.90.9:3000" 114ms
10.0.0.77 - - [15/Oct/2024:21:24:09 +0000] "GET /api/docker/status/cloudflare-tunnel/my-docker HTTP/2.0" 404 22 "-" "-" 8191 "homepage@docker" "http://192.168.90.9:3000" 32ms
10.0.0.77 - - [15/Oct/2024:21:24:09 +0000] "GET /api/services/proxy?type=traefik&group=Reverse+Proxy&service=Tr%C3%A6fik&endpoint=overview HTTP/2.0" 500 288 "-" "-" 8193 "homepage@docker" "http://192.168.90.9:3000" 49ms
192.168.91.1 - - [15/Oct/2024:21:24:09 +0000] "GET /api/containers HTTP/1.1" 404 19 "-" "-" 8201 "-" "-" 0ms
10.0.0.77 - - [15/Oct/2024:21:24:09 +0000] "GET /api/services/proxy?type=whatsupdocker&group=Updates&service=What%27s+up+Docker&endpoint=containers HTTP/2.0" 404 201 "-" "-" 8194 "homepage@docker" "http://192.168.90.9:3000" 93ms
10.0.0.77 - - [15/Oct/2024:21:24:09 +0000] "GET /api/services/proxy?type=adguard&group=Network&service=AdGuard+Home&endpoint=stats HTTP/2.0" 499 21 "-" "-" 8198 "homepage@docker" "http://192.168.90.9:3000" 1106ms
10.0.0.77 - - [15/Oct/2024:21:24:37 +0000] "POST /api/renew HTTP/2.0" 401 17 "-" "-" 8258 "filebrowser@docker" "http://192.168.90.10:80" 2ms
10.0.0.77 - - [15/Oct/2024:21:24:37 +0000] "POST /api/renew HTTP/2.0" 401 17 "-" "-" 8259 "filebrowser@docker" "http://192.168.90.10:80" 2ms
192.168.91.1 - - [15/Oct/2024:21:25:00 +0000] "GET /library/sections HTTP/1.1" 401 82 "-" "-" 8268 "plex@docker" "http://192.168.90.21:32400" 1177ms
192.168.91.1 - - [15/Oct/2024:21:30:00 +0000] "GET /library/sections HTTP/1.1" 401 82 "-" "-" 8365 "plex@docker" "http://192.168.90.21:32400" 4076ms
192.168.91.1 - - [15/Oct/2024:21:35:00 +0000] "GET /library/sections HTTP/1.1" 401 82 "-" "-" 8464 "plex@docker" "http://192.168.90.21:32400" 1227ms
192.168.91.1 - - [15/Oct/2024:21:40:00 +0000] "GET /library/sections HTTP/1.1" 401 82 "-" "-" 8570 "plex@docker" "http://192.168.90.21:32400" 1211ms
192.168.91.1 - - [15/Oct/2024:21:45:00 +0000] "GET /library/sections HTTP/1.1" 401 82 "-" "-" 8666 "plex@docker" "http://192.168.90.21:32400" 1227ms
192.168.91.1 - - [15/Oct/2024:21:50:00 +0000] "GET /library/sections HTTP/1.1" 401 82 "-" "-" 8767 "plex@docker" "http://192.168.90.21:32400" 1271ms
192.168.91.1 - - [15/Oct/2024:21:55:00 +0000] "GET /library/sections HTTP/1.1" 401 82 "-" "-" 8872 "plex@docker" "http://192.168.90.21:32400" 1476ms
192.168.91.1 - - [15/Oct/2024:21:57:51 +0000] "GET /api/system/status?apikey=931defcc776f4fa1ad520bcfea20b97b HTTP/1.1" 404 0 "-" "-" 8941 "radarr@docker" "http://192.168.90.19:7878" 1ms
192.168.91.1 - - [15/Oct/2024:22:00:00 +0000] "GET /library/sections HTTP/1.1" 401 82 "-" "-" 8977 "plex@docker" "http://192.168.90.21:32400" 5172ms
192.168.91.1 - - [15/Oct/2024:22:05:00 +0000] "GET /library/sections HTTP/1.1" 401 82 "-" "-" 9093 "plex@docker" "http://192.168.90.21:32400" 1218ms
192.168.91.1 - - [15/Oct/2024:22:10:00 +0000] "GET /library/sections HTTP/1.1" 401 82 "-" "-" 9191 "plex@docker" "http://192.168.90.21:32400" 1180ms
192.168.91.1 - - [15/Oct/2024:22:15:00 +0000] "GET /library/sections HTTP/1.1" 401 82 "-" "-" 9282 "plex@docker" "http://192.168.90.21:32400" 1359ms
192.168.91.1 - - [15/Oct/2024:22:20:00 +0000] "GET /library/sections HTTP/1.1" 401 82 "-" "-" 9366 "plex@docker" "http://192.168.90.21:32400" 1331ms
192.168.91.1 - - [15/Oct/2024:22:25:00 +0000] "GET /library/sections HTTP/1.1" 401 82 "-" "-" 9463 "plex@docker" "http://192.168.90.21:32400" 1147ms
192.168.91.1 - - [15/Oct/2024:22:30:00 +0000] "GET /library/sections HTTP/1.1" 401 82 "-" "-" 9552 "plex@docker" "http://192.168.90.21:32400" 4238ms
192.168.91.1 - - [15/Oct/2024:22:35:00 +0000] "GET /library/sections HTTP/1.1" 401 82 "-" "-" 9641 "plex@docker" "http://192.168.90.21:32400" 1256ms
192.168.91.1 - - [15/Oct/2024:22:40:04 +0000] "GET /library/sections HTTP/1.1" 401 82 "-" "-" 9734 "plex@docker" "http://192.168.90.21:32400" 1135ms
192.168.91.1 - - [15/Oct/2024:22:41:32 +0000] "POST /message?token=ACNHUN3jjAWEpI7 HTTP/1.1" 401 141 "-" "-" 9756 "gotify@docker" "http://192.168.90.3:80" 1ms
192.168.91.1 - - [15/Oct/2024:22:42:32 +0000] "POST /message?token=ACNHUN3jjAWEpI7 HTTP/1.1" 401 141 "-" "-" 9764 "gotify@docker" "http://192.168.90.3:80" 1ms
192.168.91.1 - - [15/Oct/2024:22:45:00 +0000] "GET /library/sections HTTP/1.1" 401 82 "-" "-" 9792 "plex@docker" "http://192.168.90.21:32400" 1216ms
192.168.91.1 - - [15/Oct/2024:22:50:00 +0000] "GET /library/sections HTTP/1.1" 401 82 "-" "-" 9878 "plex@docker" "http://192.168.90.21:32400" 1318ms
192.168.91.1 - - [15/Oct/2024:22:55:00 +0000] "GET /library/sections HTTP/1.1" 401 82 "-" "-" 9975 "plex@docker" "http://192.168.90.21:32400" 1250ms
192.168.91.1 - - [15/Oct/2024:22:57:51 +0000] "GET /api/system/status?apikey=931defcc776f4fa1ad520bcfea20b97b HTTP/1.1" 404 0 "-" "-" 10040 "radarr@docker" "http://192.168.90.19:7878" 2ms
192.168.91.1 - - [15/Oct/2024:23:00:00 +0000] "GET /library/sections HTTP/1.1" 401 82 "-" "-" 10069 "plex@docker" "http://192.168.90.21:32400" 4871ms
192.168.91.1 - - [15/Oct/2024:23:05:00 +0000] "GET /library/sections HTTP/1.1" 401 82 "-" "-" 10176 "plex@docker" "http://192.168.90.21:32400" 1246ms
192.168.91.1 - - [15/Oct/2024:23:10:00 +0000] "GET /library/sections HTTP/1.1" 401 82 "-" "-" 10273 "plex@docker" "http://192.168.90.21:32400" 1197ms
192.168.91.1 - - [15/Oct/2024:23:15:00 +0000] "GET /library/sections HTTP/1.1" 401 82 "-" "-" 10361 "plex@docker" "http://192.168.90.21:32400" 1314ms
192.168.91.1 - - [15/Oct/2024:23:20:00 +0000] "GET /library/sections HTTP/1.1" 401 82 "-" "-" 10448 "plex@docker" "http://192.168.90.21:32400" 1318ms
192.168.91.1 - - [15/Oct/2024:23:25:00 +0000] "GET /library/sections HTTP/1.1" 401 82 "-" "-" 10536 "plex@docker" "http://192.168.90.21:32400" 1265ms
192.168.91.1 - - [15/Oct/2024:23:30:00 +0000] "GET /library/sections HTTP/1.1" 401 82 "-" "-" 10631 "plex@docker" "http://192.168.90.21:32400" 4066ms
192.168.91.1 - - [15/Oct/2024:23:35:00 +0000] "GET /library/sections HTTP/1.1" 401 82 "-" "-" 10718 "plex@docker" "http://192.168.90.21:32400" 1223ms
192.168.91.1 - - [15/Oct/2024:23:40:00 +0000] "GET /library/sections HTTP/1.1" 401 82 "-" "-" 10808 "plex@docker" "http://192.168.90.21:32400" 1223ms
192.168.91.1 - - [15/Oct/2024:23:45:00 +0000] "GET /library/sections HTTP/1.1" 401 82 "-" "-" 10903 "plex@docker" "http://192.168.90.21:32400" 1266ms
192.168.91.1 - - [15/Oct/2024:23:50:00 +0000] "GET /library/sections HTTP/1.1" 401 82 "-" "-" 10990 "plex@docker" "http://192.168.90.21:32400" 1326ms
192.168.91.1 - - [15/Oct/2024:23:55:00 +0000] "GET /library/sections HTTP/1.1" 401 82 "-" "-" 11080 "plex@docker" "http://192.168.90.21:32400" 1487ms
192.168.91.1 - - [15/Oct/2024:23:57:51 +0000] "GET /api/system/status?apikey=931defcc776f4fa1ad520bcfea20b97b HTTP/1.1" 404 0 "-" "-" 11152 "radarr@docker" "http://192.168.90.19:7878" 1ms
192.168.91.1 - - [16/Oct/2024:00:00:00 +0000] "GET /library/sections HTTP/1.1" 401 82 "-" "-" 11184 "plex@docker" "http://192.168.90.21:32400" 6522ms
192.168.91.1 - - [16/Oct/2024:00:05:00 +0000] "GET /library/sections HTTP/1.1" 401 82 "-" "-" 11285 "plex@docker" "http://192.168.90.21:32400" 1341ms
192.168.91.1 - - [16/Oct/2024:00:10:00 +0000] "GET /library/sections HTTP/1.1" 401 82 "-" "-" 11376 "plex@docker" "http://192.168.90.21:32400" 1218ms
192.168.91.1 - - [16/Oct/2024:00:15:00 +0000] "GET /library/sections HTTP/1.1" 401 82 "-" "-" 11472 "plex@docker" "http://192.168.90.21:32400" 1318ms
192.168.91.1 - - [16/Oct/2024:00:20:00 +0000] "GET /library/sections HTTP/1.1" 401 82 "-" "-" 11559 "plex@docker" "http://192.168.90.21:32400" 1422ms
192.168.91.1 - - [16/Oct/2024:00:25:00 +0000] "GET /library/sections HTTP/1.1" 401 82 "-" "-" 11648 "plex@docker" "http://192.168.90.21:32400" 1447ms
192.168.91.1 - - [16/Oct/2024:00:30:00 +0000] "GET /library/sections HTTP/1.1" 401 82 "-" "-" 11743 "plex@docker" "http://192.168.90.21:32400" 3385ms
192.168.91.1 - - [16/Oct/2024:00:35:00 +0000] "GET /library/sections HTTP/1.1" 401 82 "-" "-" 11830 "plex@docker" "http://192.168.90.21:32400" 1620ms
192.168.91.1 - - [16/Oct/2024:00:40:00 +0000] "GET /library/sections HTTP/1.1" 401 82 "-" "-" 11922 "plex@docker" "http://192.168.90.21:32400" 1474ms
192.168.91.1 - - [16/Oct/2024:00:43:53 +0000] "GET /api/system/status?apikey=931defcc776f4fa1ad520bcfea20b97b HTTP/1.1" 404 0 "-" "-" 11999 "radarr@docker" "http://192.168.90.19:7878" 5ms
192.168.91.1 - - [16/Oct/2024:00:45:00 +0000] "GET /library/sections HTTP/1.1" 401 82 "-" "-" 12018 "plex@docker" "http://192.168.90.21:32400" 1183ms
192.168.91.1 - - [16/Oct/2024:00:50:00 +0000] "GET /library/sections HTTP/1.1" 401 82 "-" "-" 12107 "plex@docker" "http://192.168.90.21:32400" 1332ms
192.168.91.1 - - [16/Oct/2024:00:55:00 +0000] "GET /library/sections HTTP/1.1" 401 82 "-" "-" 12196 "plex@docker" "http://192.168.90.21:32400" 1279ms
